<html>
<body>
<pre>
<h1>µVision Build Log</h1>
<h2>Tool Versions:</h2>
IDE-Version: µVision V5.34.0.0
Copyright (C) 2021 ARM Ltd and ARM Germany GmbH. All rights reserved.
License Information: ggg utilisateur, france, LIC=----
 
Tool Versions:
Toolchain:       MDK-Lite  Version: 5.34.0.0
Toolchain Path:  C:\Keil_v5\ARM\ARMCC\Bin
C Compiler:      Armcc.exe V5.06 update 7 (build 960)
Assembler:       Armasm.exe V5.06 update 7 (build 960)
Linker/Locator:  ArmLink.exe V5.06 update 7 (build 960)
Library Manager: ArmAr.exe V5.06 update 7 (build 960)
Hex Converter:   FromElf.exe V5.06 update 7 (build 960)
CPU DLL:         SARMCM3.DLL V5.34.0.0
Dialog DLL:      DCM.DLL V1.17.3.0
Target DLL:      STLink\ST-LINKIII-KEIL_SWO.dll V3.0.8.0
Dialog DLL:      TCM.DLL V1.48.0.0
 
<h2>Project:</h2>
C:\Users\utilisateur\Desktop\DHT22\CODE\MDK-ARM\codedht22.uvprojx
Project File Date:  03/15/2021

<h2>Output:</h2>
*** Using Compiler 'V5.06 update 7 (build 960)', folder: 'C:\Keil_v5\ARM\ARMCC\Bin'
Rebuild target 'Test_Marine'
assembling startup_stm32l152xe.s...
compiling MY_DHT22.c...
MY_DHT22.c(13): warning:  #550-D: variable "oneWirePin_Idx"  was set but never used
  static uint8_t oneWirePin_Idx;
MY_DHT22.c: 1 warning, 0 errors
compiling main.c...
../Core/Src/main.c(100): warning:  #9-D: nested comment is not allowed
  			/*sprintf(uartData, "Temp (C) = %.1f", TempC);
../Core/Src/main.c(121): warning:  #223-D: function "sprintf" declared implicitly
  			sprintf(uartData, "Temp (C) = %.1f", TempC);
../Core/Src/main.c: 2 warnings, 0 errors
compiling gpio.c...
compiling stm32l1xx_it.c...
compiling i2c.c...
compiling usart.c...
compiling stm32l1xx_hal_msp.c...
compiling lib_lcd.c...
compiling stm32l1xx_hal.c...
compiling stm32l1xx_hal_i2c.c...
compiling stm32l1xx_hal_rcc.c...
compiling stm32l1xx_hal_rcc_ex.c...
compiling stm32l1xx_hal_flash.c...
compiling stm32l1xx_hal_flash_ex.c...
compiling stm32l1xx_hal_gpio.c...
compiling stm32l1xx_hal_flash_ramfunc.c...
compiling stm32l1xx_hal_dma.c...
compiling stm32l1xx_hal_pwr_ex.c...
compiling stm32l1xx_hal_pwr.c...
compiling stm32l1xx_hal_cortex.c...
compiling stm32l1xx_hal_tim.c...
compiling stm32l1xx_hal_exti.c...
compiling stm32l1xx_hal_tim_ex.c...
compiling system_stm32l1xx.c...
compiling stm32l1xx_hal_uart.c...
linking...
Program Size: Code=9956 RO-data=360 RW-data=32 ZI-data=1224  
FromELF: creating hex file...
"Test_Marine\Test_Marine.axf" - 0 Error(s), 3 Warning(s).

<h2>Software Packages used:</h2>

Package Vendor: ARM
                http://www.keil.com/pack/ARM.CMSIS.5.7.0.pack
                ARM.CMSIS.5.7.0
                CMSIS (Cortex Microcontroller Software Interface Standard)
   * Component: CORE Version: 5.4.0

Package Vendor: Keil
                http://www.keil.com/pack/Keil.STM32L1xx_DFP.1.3.0.pack
                Keil.STM32L1xx_DFP.1.3.0
                STMicroelectronics STM32L1 Series Device Support and Examples

<h2>Collection of Component include folders:</h2>
  .\RTE\_Test_Marine
  C:\Users\utilisateur\AppData\Local\Arm\Packs\ARM\CMSIS\5.7.0\CMSIS\Core\Include
  C:\Users\utilisateur\AppData\Local\Arm\Packs\Keil\STM32L1xx_DFP\1.3.0\Drivers\CMSIS\Device\ST\STM32L1xx\Include

<h2>Collection of Component Files used:</h2>

   * Component: ARM::CMSIS:CORE:5.4.0
Build Time Elapsed:  00:00:18
</pre>
</body>
</html>
